  姝ｅ湪纭畾瑕佽繕鍘熺殑椤圭洰鈥?
C:\Program Files\dotnet\sdk\10.0.102\Sdks\Microsoft.NET.Sdk\targets\Microsoft.NET.EolTargetFrameworks.targets(32,5): warning NETSDK1138: 鐩爣妗嗘灦鈥渘et6.0-windows10.0.19041.0鈥濅笉鍙楁敮鎸侊紝灏嗘潵涓嶄細鏀跺埌瀹夊叏鏇存柊銆傛湁鍏虫敮鎸佺瓥鐣ョ殑璇︾粏淇℃伅锛岃鍙傞槄 https://aka.ms/dotnet-core-support銆?[C:\Users\50234\Desktop\鏂板缓鏂囦欢澶筡BluetoothBatteryUI.csproj]
C:\Program Files\dotnet\sdk\10.0.102\Sdks\Microsoft.NET.Sdk\targets\Microsoft.NET.EolTargetFrameworks.targets(32,5): warning NETSDK1138: 鐩爣妗嗘灦鈥渘et6.0-windows10.0.19041.0鈥濅笉鍙楁敮鎸侊紝灏嗘潵涓嶄細鏀跺埌瀹夊叏鏇存柊銆傛湁鍏虫敮鎸佺瓥鐣ョ殑璇︾粏淇℃伅锛岃鍙傞槄 https://aka.ms/dotnet-core-support銆?[C:\Users\50234\Desktop\鏂板缓鏂囦欢澶筡BluetoothBatteryUI.csproj]
  鎵€鏈夐」鐩潎鏄渶鏂扮殑锛屾棤娉曡繕鍘熴€?
C:\Program Files\dotnet\sdk\10.0.102\Sdks\Microsoft.NET.Sdk\targets\Microsoft.NET.EolTargetFrameworks.targets(32,5): warning NETSDK1138: 鐩爣妗嗘灦鈥渘et6.0-windows10.0.19041.0鈥濅笉鍙楁敮鎸侊紝灏嗘潵涓嶄細鏀跺埌瀹夊叏鏇存柊銆傛湁鍏虫敮鎸佺瓥鐣ョ殑璇︾粏淇℃伅锛岃鍙傞槄 https://aka.ms/dotnet-core-support銆?[C:\Users\50234\Desktop\鏂板缓鏂囦欢澶筡BluetoothBatteryUI.csproj]
C:\Users\50234\Desktop\鏂板缓鏂囦欢澶筡Program.cs(8,27): warning CS8892: 鏂规硶鈥淧rogram.Main(string[])鈥濆皢涓嶄細鐢ㄤ綔鍏ュ彛鐐癸紝鍥犱负鎵惧埌浜嗗悓姝ュ叆鍙ｇ偣鈥淎pp.Main()鈥濄€?[C:\Users\50234\Desktop\鏂板缓鏂囦欢澶筡BluetoothBatteryUI.csproj]
C:\Users\50234\Desktop\鏂板缓鏂囦欢澶筡StartupManager.cs(17,42): warning CS8600: 灏?null 鏂囨湰鎴栧彲鑳界殑 null 鍊艰浆鎹负涓嶅彲涓?null 绫诲瀷銆?[C:\Users\50234\Desktop\鏂板缓鏂囦欢澶筡BluetoothBatteryUI.csproj]
C:\Users\50234\Desktop\鏂板缓鏂囦欢澶筡StartupManager.cs(32,42): warning CS8600: 灏?null 鏂囨湰鎴栧彲鑳界殑 null 鍊艰浆鎹负涓嶅彲涓?null 绫诲瀷銆?[C:\Users\50234\Desktop\鏂板缓鏂囦欢澶筡BluetoothBatteryUI.csproj]
C:\Users\50234\Desktop\鏂板缓鏂囦欢澶筡BluetoothBatteryReader.cs(58,40): warning CS8600: 灏?null 鏂囨湰鎴栧彲鑳界殑 null 鍊艰浆鎹负涓嶅彲涓?null 绫诲瀷銆?[C:\Users\50234\Desktop\鏂板缓鏂囦欢澶筡BluetoothBatteryUI.csproj]
C:\Users\50234\Desktop\鏂板缓鏂囦欢澶筡MainWindow.xaml.cs(295,17): error CS0103: 褰撳墠涓婁笅鏂囦腑涓嶅瓨鍦ㄥ悕绉扳€淪canButton鈥?[C:\Users\50234\Desktop\鏂板缓鏂囦欢澶筡BluetoothBatteryUI.csproj]
C:\Users\50234\Desktop\鏂板缓鏂囦欢澶筡BluetoothBatteryReader.cs(161,40): warning CS8600: 灏?null 鏂囨湰鎴栧彲鑳界殑 null 鍊艰浆鎹负涓嶅彲涓?null 绫诲瀷銆?[C:\Users\50234\Desktop\鏂板缓鏂囦欢澶筡BluetoothBatteryUI.csproj]
C:\Users\50234\Desktop\鏂板缓鏂囦欢澶筡BluetoothBatteryReader.cs(162,61): warning CS8600: 灏?null 鏂囨湰鎴栧彲鑳界殑 null 鍊艰浆鎹负涓嶅彲涓?null 绫诲瀷銆?[C:\Users\50234\Desktop\鏂板缓鏂囦欢澶筡BluetoothBatteryUI.csproj]
C:\Users\50234\Desktop\鏂板缓鏂囦欢澶筡MainWindow.xaml.cs(668,40): warning CS8600: 灏?null 鏂囨湰鎴栧彲鑳界殑 null 鍊艰浆鎹负涓嶅彲涓?null 绫诲瀷銆?[C:\Users\50234\Desktop\鏂板缓鏂囦欢澶筡BluetoothBatteryUI.csproj]

鐢熸垚澶辫触銆?

C:\Program Files\dotnet\sdk\10.0.102\Sdks\Microsoft.NET.Sdk\targets\Microsoft.NET.EolTargetFrameworks.targets(32,5): warning NETSDK1138: 鐩爣妗嗘灦鈥渘et6.0-windows10.0.19041.0鈥濅笉鍙楁敮鎸侊紝灏嗘潵涓嶄細鏀跺埌瀹夊叏鏇存柊銆傛湁鍏虫敮鎸佺瓥鐣ョ殑璇︾粏淇℃伅锛岃鍙傞槄 https://aka.ms/dotnet-core-support銆?[C:\Users\50234\Desktop\鏂板缓鏂囦欢澶筡BluetoothBatteryUI.csproj]
C:\Program Files\dotnet\sdk\10.0.102\Sdks\Microsoft.NET.Sdk\targets\Microsoft.NET.EolTargetFrameworks.targets(32,5): warning NETSDK1138: 鐩爣妗嗘灦鈥渘et6.0-windows10.0.19041.0鈥濅笉鍙楁敮鎸侊紝灏嗘潵涓嶄細鏀跺埌瀹夊叏鏇存柊銆傛湁鍏虫敮鎸佺瓥鐣ョ殑璇︾粏淇℃伅锛岃鍙傞槄 https://aka.ms/dotnet-core-support銆?[C:\Users\50234\Desktop\鏂板缓鏂囦欢澶筡BluetoothBatteryUI.csproj]
C:\Program Files\dotnet\sdk\10.0.102\Sdks\Microsoft.NET.Sdk\targets\Microsoft.NET.EolTargetFrameworks.targets(32,5): warning NETSDK1138: 鐩爣妗嗘灦鈥渘et6.0-windows10.0.19041.0鈥濅笉鍙楁敮鎸侊紝灏嗘潵涓嶄細鏀跺埌瀹夊叏鏇存柊銆傛湁鍏虫敮鎸佺瓥鐣ョ殑璇︾粏淇℃伅锛岃鍙傞槄 https://aka.ms/dotnet-core-support銆?[C:\Users\50234\Desktop\鏂板缓鏂囦欢澶筡BluetoothBatteryUI.csproj]
C:\Users\50234\Desktop\鏂板缓鏂囦欢澶筡Program.cs(8,27): warning CS8892: 鏂规硶鈥淧rogram.Main(string[])鈥濆皢涓嶄細鐢ㄤ綔鍏ュ彛鐐癸紝鍥犱负鎵惧埌浜嗗悓姝ュ叆鍙ｇ偣鈥淎pp.Main()鈥濄€?[C:\Users\50234\Desktop\鏂板缓鏂囦欢澶筡BluetoothBatteryUI.csproj]
C:\Users\50234\Desktop\鏂板缓鏂囦欢澶筡StartupManager.cs(17,42): warning CS8600: 灏?null 鏂囨湰鎴栧彲鑳界殑 null 鍊艰浆鎹负涓嶅彲涓?null 绫诲瀷銆?[C:\Users\50234\Desktop\鏂板缓鏂囦欢澶筡BluetoothBatteryUI.csproj]
C:\Users\50234\Desktop\鏂板缓鏂囦欢澶筡StartupManager.cs(32,42): warning CS8600: 灏?null 鏂囨湰鎴栧彲鑳界殑 null 鍊艰浆鎹负涓嶅彲涓?null 绫诲瀷銆?[C:\Users\50234\Desktop\鏂板缓鏂囦欢澶筡BluetoothBatteryUI.csproj]
C:\Users\50234\Desktop\鏂板缓鏂囦欢澶筡BluetoothBatteryReader.cs(58,40): warning CS8600: 灏?null 鏂囨湰鎴栧彲鑳界殑 null 鍊艰浆鎹负涓嶅彲涓?null 绫诲瀷銆?[C:\Users\50234\Desktop\鏂板缓鏂囦欢澶筡BluetoothBatteryUI.csproj]
C:\Users\50234\Desktop\鏂板缓鏂囦欢澶筡BluetoothBatteryReader.cs(161,40): warning CS8600: 灏?null 鏂囨湰鎴栧彲鑳界殑 null 鍊艰浆鎹负涓嶅彲涓?null 绫诲瀷銆?[C:\Users\50234\Desktop\鏂板缓鏂囦欢澶筡BluetoothBatteryUI.csproj]
C:\Users\50234\Desktop\鏂板缓鏂囦欢澶筡BluetoothBatteryReader.cs(162,61): warning CS8600: 灏?null 鏂囨湰鎴栧彲鑳界殑 null 鍊艰浆鎹负涓嶅彲涓?null 绫诲瀷銆?[C:\Users\50234\Desktop\鏂板缓鏂囦欢澶筡BluetoothBatteryUI.csproj]
C:\Users\50234\Desktop\鏂板缓鏂囦欢澶筡MainWindow.xaml.cs(668,40): warning CS8600: 灏?null 鏂囨湰鎴栧彲鑳界殑 null 鍊艰浆鎹负涓嶅彲涓?null 绫诲瀷銆?[C:\Users\50234\Desktop\鏂板缓鏂囦欢澶筡BluetoothBatteryUI.csproj]
C:\Users\50234\Desktop\鏂板缓鏂囦欢澶筡MainWindow.xaml.cs(295,17): error CS0103: 褰撳墠涓婁笅鏂囦腑涓嶅瓨鍦ㄥ悕绉扳€淪canButton鈥?[C:\Users\50234\Desktop\鏂板缓鏂囦欢澶筡BluetoothBatteryUI.csproj]
    10 涓鍛?
    1 涓敊璇?

宸茬敤鏃堕棿 00:00:00.79
